# Changelog

<!-- prettier-ignore-start -->
> [!IMPORTANT]
> If you are upgrading to the `1.x` versions of the Sentry SDK from `0.x` or below,
> make sure you follow our [migration guide](https://docs.sentry.io/platforms/SDK/migration/) first.
<!-- prettier-ignore-end -->

## Unreleased

### Dependencies

- Following items preserve their bullet points as-is even through an update
* Bump Dependency to v7.17.0 ([#100](https://github.com/getsentry/dependant/pulls/100), [#123](https://github.com/getsentry/dependant/pulls/123))
  * [changelog](https://github.com/getsentry/dependency/blob/main/CHANGELOG.md#7170)
  - [diff](https://github.com/getsentry/dependency/compare/5.0.0...7.17.0)

## 0.14.0

### Dependencies

- Capture `Debug.LogError()` and `Debug.LogException()` also on background threads ([#673](https://github.com/getsentry/sentry-unity/pull/673))
- Adding override for Sentry CLI URL ([#666](https://github.com/getsentry/sentry-unity/pull/666))
